// Jest Snapshot v1, https://goo.gl/fbAQLP

exports[`Footer renders correctly 1`] = `
<div
  style={
    Object {
      "background": "#f0ad4e",
      "color": "#fff",
      "marginTop": 30,
      "padding": 10,
      "textAlign": "center",
    }
  }
>
  <div
    className="container"
  >
    <div
      className="row"
    >
      <div
        className=""
      >
        Â© React Stack. All rights reserved.
      </div>
    </div>
  </div>
</div>
`;
